// Jest Snapshot v1, https://goo.gl/fbAQLP

exports[`PeoplePagination renders correctly 1`] = `
[
  <div
    className="MuiGrid2-root MuiGrid2-container MuiGrid2-direction-xs-row css-1ho1yxb-MuiGrid2-root"
    id="wrap"
  >
    <div
      className="MuiGrid2-root MuiGrid2-direction-xs-row MuiGrid2-grid-xs-12 MuiGrid2-grid-sm-6 css-luttq2-MuiGrid2-root"
    >
      <a
        data-testid="person-card"
        href="https://swapi.dev/api/people/1/"
        id="person-1"
        onClick={[Function]}
        onMouseEnter={[Function]}
        onTouchStart={[Function]}
        style={
          {
            "textDecoration": "none",
          }
        }
        target="_blank"
      >
        <div
          className="MuiPaper-root MuiPaper-elevation MuiPaper-rounded MuiPaper-elevation1 css-1gictic-MuiPaper-root"
        >
          <div
            className="MuiBox-root css-0"
          >
            name: 
            Luke Skywalker
          </div>
          <div
            className="MuiBox-root css-0"
          >
            gender: 
            male
          </div>
          <div
            className="MuiBox-root css-0"
          >
            height: 
            172
          </div>
          <div
            className="MuiBox-root css-0"
          >
            mass: 
            77
          </div>
        </div>
      </a>
    </div>
    <div
      className="MuiGrid2-root MuiGrid2-direction-xs-row MuiGrid2-grid-xs-12 MuiGrid2-grid-sm-6 css-luttq2-MuiGrid2-root"
    >
      <a
        data-testid="person-card"
        href="https://swapi.dev/api/people/5/"
        id="person-5"
        onClick={[Function]}
        onMouseEnter={[Function]}
        onTouchStart={[Function]}
        style={
          {
            "textDecoration": "none",
          }
        }
        target="_blank"
      >
        <div
          className="MuiPaper-root MuiPaper-elevation MuiPaper-rounded MuiPaper-elevation1 css-1gictic-MuiPaper-root"
        >
          <div
            className="MuiBox-root css-0"
          >
            name: 
            Leia Organa
          </div>
          <div
            className="MuiBox-root css-0"
          >
            gender: 
            female
          </div>
          <div
            className="MuiBox-root css-0"
          >
            height: 
            150
          </div>
          <div
            className="MuiBox-root css-0"
          >
            mass: 
            49
          </div>
        </div>
      </a>
    </div>
  </div>,
  <div
    className="MuiStack-root css-yzlqr0-MuiStack-root"
  >
    <nav
      aria-label="pagination navigation"
      className="MuiPagination-root MuiPagination-text css-1oj2twp-MuiPagination-root"
    >
      <ul
        className="MuiPagination-ul css-wjh20t-MuiPagination-ul"
      >
        <li>
          <a
            aria-disabled={true}
            aria-label="Go to previous page"
            className="MuiButtonBase-root Mui-disabled MuiPaginationItem-root MuiPaginationItem-sizeMedium MuiPaginationItem-text MuiPaginationItem-circular Mui-disabled MuiPaginationItem-previousNext css-yuzg60-MuiButtonBase-root-MuiPaginationItem-root"
            data-testid="pages"
            href="/people?page=0"
            onBlur={[Function]}
            onClick={[Function]}
            onContextMenu={[Function]}
            onDragLeave={[Function]}
            onFocus={[Function]}
            onKeyDown={[Function]}
            onKeyUp={[Function]}
            onMouseDown={[Function]}
            onMouseEnter={[Function]}
            onMouseLeave={[Function]}
            onMouseUp={[Function]}
            onTouchEnd={[Function]}
            onTouchMove={[Function]}
            onTouchStart={[Function]}
            tabIndex={-1}
          >
            <svg
              aria-hidden={true}
              className="MuiSvgIcon-root MuiSvgIcon-fontSizeMedium MuiPaginationItem-icon css-g2z002-MuiSvgIcon-root-MuiPaginationItem-icon"
              data-testid="NavigateBeforeIcon"
              focusable="false"
              viewBox="0 0 24 24"
            >
              <path
                d="M15.41 7.41L14 6l-6 6 6 6 1.41-1.41L10.83 12z"
              />
            </svg>
          </a>
        </li>
        <li>
          <a
            aria-current="true"
            aria-label="page 1"
            className="MuiButtonBase-root MuiPaginationItem-root MuiPaginationItem-sizeMedium MuiPaginationItem-text MuiPaginationItem-circular Mui-selected MuiPaginationItem-page css-yuzg60-MuiButtonBase-root-MuiPaginationItem-root"
            data-testid="pages"
            href="/people"
            onBlur={[Function]}
            onClick={[Function]}
            onContextMenu={[Function]}
            onDragLeave={[Function]}
            onFocus={[Function]}
            onKeyDown={[Function]}
            onKeyUp={[Function]}
            onMouseDown={[Function]}
            onMouseEnter={[Function]}
            onMouseLeave={[Function]}
            onMouseUp={[Function]}
            onTouchEnd={[Function]}
            onTouchMove={[Function]}
            onTouchStart={[Function]}
            tabIndex={0}
          >
            1
          </a>
        </li>
        <li>
          <a
            aria-disabled={true}
            aria-label="Go to next page"
            className="MuiButtonBase-root Mui-disabled MuiPaginationItem-root MuiPaginationItem-sizeMedium MuiPaginationItem-text MuiPaginationItem-circular Mui-disabled MuiPaginationItem-previousNext css-yuzg60-MuiButtonBase-root-MuiPaginationItem-root"
            data-testid="pages"
            href="/people?page=2"
            onBlur={[Function]}
            onClick={[Function]}
            onContextMenu={[Function]}
            onDragLeave={[Function]}
            onFocus={[Function]}
            onKeyDown={[Function]}
            onKeyUp={[Function]}
            onMouseDown={[Function]}
            onMouseEnter={[Function]}
            onMouseLeave={[Function]}
            onMouseUp={[Function]}
            onTouchEnd={[Function]}
            onTouchMove={[Function]}
            onTouchStart={[Function]}
            tabIndex={-1}
          >
            <svg
              aria-hidden={true}
              className="MuiSvgIcon-root MuiSvgIcon-fontSizeMedium MuiPaginationItem-icon css-g2z002-MuiSvgIcon-root-MuiPaginationItem-icon"
              data-testid="NavigateNextIcon"
              focusable="false"
              viewBox="0 0 24 24"
            >
              <path
                d="M10 6L8.59 7.41 13.17 12l-4.58 4.59L10 18l6-6z"
              />
            </svg>
          </a>
        </li>
      </ul>
    </nav>
  </div>,
]
`;
